../Core/Src/qrcodegen.c:553:14:getAlignmentPatternPositions	4	static
../Core/Src/qrcodegen.c:1013:12:numCharCountBits	8	static
../Core/Src/qrcodegen.c:188:15:appendBitsToBuffer	16	static
../Core/Src/qrcodegen.c:342:14:getNumRawDataModules	8	static
../Core/Src/qrcodegen.c:772:15:getModuleBounded	8	static
../Core/Src/qrcodegen.c:781:15:setModuleBounded	8	static
../Core/Src/qrcodegen.c:718:12:finderPenaltyCountPatterns	8	static
../Core/Src/qrcodegen.c:812:6:qrcodegen_isNumeric.part.0	8	static
../Core/Src/qrcodegen.c:566:13:fillRectangle	24	static
../Core/Src/qrcodegen.c:421:15:initializeFunctionModules	80	static
../Core/Src/qrcodegen.c:519:13:drawFormatBits	24	static
../Core/Src/qrcodegen.c:610:13:applyMask	56	static
../Core/Src/qrcodegen.c:330:14:getNumDataCodewords	8	static
../Core/Src/qrcodegen.c:207:6:qrcodegen_encodeSegmentsAdvanced	144	static
../Core/Src/qrcodegen.c:170:6:qrcodegen_encodeBinary	56	static
../Core/Src/qrcodegen.c:199:6:qrcodegen_encodeSegments	32	static
../Core/Src/qrcodegen.c:754:5:qrcodegen_getSize	8	static
../Core/Src/qrcodegen.c:764:6:qrcodegen_getModule	8	static
../Core/Src/qrcodegen.c:812:6:qrcodegen_isNumeric	8	static
../Core/Src/qrcodegen.c:823:6:qrcodegen_isAlphanumeric	8	static
../Core/Src/qrcodegen.c:834:8:qrcodegen_calcSegmentBufferSize	8	static
../Core/Src/qrcodegen.c:878:26:qrcodegen_makeBytes	16	static
../Core/Src/qrcodegen.c:893:26:qrcodegen_makeNumeric	48	static
../Core/Src/qrcodegen.c:927:26:qrcodegen_makeAlphanumeric	48	static
../Core/Src/qrcodegen.c:132:6:qrcodegen_encodeText	88	static
../Core/Src/qrcodegen.c:961:26:qrcodegen_makeEci	16	static
