../Core/Src/stm32h7xx_hal_msp.c:63:6:HAL_MspInit	8	static
../Core/Src/stm32h7xx_hal_msp.c:85:6:HAL_I2C_MspInit	240	static
../Core/Src/stm32h7xx_hal_msp.c:164:6:HAL_I2C_MspDeInit	8	static
../Core/Src/stm32h7xx_hal_msp.c:215:6:HAL_RTC_MspInit	200	static
../Core/Src/stm32h7xx_hal_msp.c:249:6:HAL_RTC_MspDeInit	0	static
../Core/Src/stm32h7xx_hal_msp.c:271:6:HAL_SD_MspInit	248	static
../Core/Src/stm32h7xx_hal_msp.c:332:6:HAL_SD_MspDeInit	8	static
../Core/Src/stm32h7xx_hal_msp.c:368:6:HAL_SPI_MspInit	240	static
../Core/Src/stm32h7xx_hal_msp.c:438:6:HAL_SPI_MspDeInit	8	static
../Core/Src/stm32h7xx_hal_msp.c:472:6:HAL_UART_MspInit	232	static
../Core/Src/stm32h7xx_hal_msp.c:520:6:HAL_UART_MspDeInit	0	static
