../Middlewares/ST/lib_nfc/lib_NDEF/Core/src/lib_NDEF_URI.c:52:13:NDEF_Parse_WellKnowType	24	static
../Middlewares/ST/lib_nfc/lib_NDEF/Core/src/lib_NDEF_URI.c:477:6:getUriType.part.0	16	static
../Middlewares/ST/lib_nfc/lib_NDEF/Core/src/lib_NDEF_URI.c:273:10:NDEF_ReadURI	32	static
../Middlewares/ST/lib_nfc/lib_NDEF/Core/src/lib_NDEF_URI.c:322:6:NDEF_PrepareURIMessage	32	static
../Middlewares/ST/lib_nfc/lib_NDEF/Core/src/lib_NDEF_URI.c:466:10:NDEF_WriteURI	16	static
../Middlewares/ST/lib_nfc/lib_NDEF/Core/src/lib_NDEF_URI.c:477:6:getUriType	8	static
