../Drivers/STM32H7xx_HAL_Driver/Src/stm32h7xx_hal_rtc.c:788:13:HAL_RTC_MspInit	0	static
../Drivers/STM32H7xx_HAL_Driver/Src/stm32h7xx_hal_rtc.c:803:13:HAL_RTC_MspDeInit	0	static
../Drivers/STM32H7xx_HAL_Driver/Src/stm32h7xx_hal_rtc.c:950:19:HAL_RTC_GetTime	12	static
../Drivers/STM32H7xx_HAL_Driver/Src/stm32h7xx_hal_rtc.c:1082:19:HAL_RTC_GetDate	8	static
../Drivers/STM32H7xx_HAL_Driver/Src/stm32h7xx_hal_rtc.c:1136:19:HAL_RTC_SetAlarm	24	static
../Drivers/STM32H7xx_HAL_Driver/Src/stm32h7xx_hal_rtc.c:1328:19:HAL_RTC_SetAlarm_IT	24	static
../Drivers/STM32H7xx_HAL_Driver/Src/stm32h7xx_hal_rtc.c:1532:19:HAL_RTC_DeactivateAlarm	16	static
../Drivers/STM32H7xx_HAL_Driver/Src/stm32h7xx_hal_rtc.c:1634:19:HAL_RTC_GetAlarm	12	static
../Drivers/STM32H7xx_HAL_Driver/Src/stm32h7xx_hal_rtc.c:1786:13:HAL_RTC_AlarmAEventCallback	0	static
../Drivers/STM32H7xx_HAL_Driver/Src/stm32h7xx_hal_rtc.c:1695:6:HAL_RTC_AlarmIRQHandler	8	static
../Drivers/STM32H7xx_HAL_Driver/Src/stm32h7xx_hal_rtc.c:1802:19:HAL_RTC_PollForAlarmAEvent	24	static
../Drivers/STM32H7xx_HAL_Driver/Src/stm32h7xx_hal_rtc.c:1861:19:HAL_RTC_WaitForSynchro	16	static
../Drivers/STM32H7xx_HAL_Driver/Src/stm32h7xx_hal_rtc.c:1913:21:HAL_RTC_GetState	0	static
../Drivers/STM32H7xx_HAL_Driver/Src/stm32h7xx_hal_rtc.c:1937:19:RTC_EnterInitMode	16	static
../Drivers/STM32H7xx_HAL_Driver/Src/stm32h7xx_hal_rtc.c:1980:19:RTC_ExitInitMode	16	static
../Drivers/STM32H7xx_HAL_Driver/Src/stm32h7xx_hal_rtc.c:245:19:HAL_RTC_Init	16	static
../Drivers/STM32H7xx_HAL_Driver/Src/stm32h7xx_hal_rtc.c:382:19:HAL_RTC_DeInit	16	static
../Drivers/STM32H7xx_HAL_Driver/Src/stm32h7xx_hal_rtc.c:841:19:HAL_RTC_SetTime	16	static
../Drivers/STM32H7xx_HAL_Driver/Src/stm32h7xx_hal_rtc.c:994:19:HAL_RTC_SetDate	16	static
../Drivers/STM32H7xx_HAL_Driver/Src/stm32h7xx_hal_rtc.c:2023:9:RTC_ByteToBcd2	0	static
../Drivers/STM32H7xx_HAL_Driver/Src/stm32h7xx_hal_rtc.c:2042:9:RTC_Bcd2ToByte	0	static
