../Drivers/STM32H7xx_HAL_Driver/Src/stm32h7xx_hal_sd.c:3718:10:SD_SwitchSpeed	120	static
../Drivers/STM32H7xx_HAL_Driver/Src/stm32h7xx_hal_sd.c:3550:17:SD_FindSCR.constprop	56	static
../Drivers/STM32H7xx_HAL_Driver/Src/stm32h7xx_hal_sd.c:622:13:HAL_SD_MspInit	0	static
../Drivers/STM32H7xx_HAL_Driver/Src/stm32h7xx_hal_sd.c:637:13:HAL_SD_MspDeInit	0	static
../Drivers/STM32H7xx_HAL_Driver/Src/stm32h7xx_hal_sd.c:566:19:HAL_SD_DeInit	8	static
../Drivers/STM32H7xx_HAL_Driver/Src/stm32h7xx_hal_sd.c:678:19:HAL_SD_ReadBlocks	56	static
../Drivers/STM32H7xx_HAL_Driver/Src/stm32h7xx_hal_sd.c:863:19:HAL_SD_WriteBlocks	64	static
../Drivers/STM32H7xx_HAL_Driver/Src/stm32h7xx_hal_sd.c:1050:19:HAL_SD_ReadBlocks_IT	40	static
../Drivers/STM32H7xx_HAL_Driver/Src/stm32h7xx_hal_sd.c:1145:19:HAL_SD_WriteBlocks_IT	40	static
../Drivers/STM32H7xx_HAL_Driver/Src/stm32h7xx_hal_sd.c:1242:19:HAL_SD_ReadBlocks_DMA	48	static
../Drivers/STM32H7xx_HAL_Driver/Src/stm32h7xx_hal_sd.c:1340:19:HAL_SD_WriteBlocks_DMA	48	static
../Drivers/STM32H7xx_HAL_Driver/Src/stm32h7xx_hal_sd.c:1435:19:HAL_SD_Erase	24	static
../Drivers/STM32H7xx_HAL_Driver/Src/stm32h7xx_hal_sd.c:1772:21:HAL_SD_GetState	0	static
../Drivers/STM32H7xx_HAL_Driver/Src/stm32h7xx_hal_sd.c:1783:10:HAL_SD_GetError	0	static
../Drivers/STM32H7xx_HAL_Driver/Src/stm32h7xx_hal_sd.c:1793:13:HAL_SD_TxCpltCallback	0	static
../Drivers/STM32H7xx_HAL_Driver/Src/stm32h7xx_hal_sd.c:1808:13:HAL_SD_RxCpltCallback	0	static
../Drivers/STM32H7xx_HAL_Driver/Src/stm32h7xx_hal_sd.c:1823:13:HAL_SD_ErrorCallback	0	static
../Drivers/STM32H7xx_HAL_Driver/Src/stm32h7xx_hal_sd.c:1838:13:HAL_SD_AbortCallback	0	static
../Drivers/STM32H7xx_HAL_Driver/Src/stm32h7xx_hal_sd.c:2164:19:HAL_SD_GetCardCID	4	static
../Drivers/STM32H7xx_HAL_Driver/Src/stm32h7xx_hal_sd.c:2197:19:HAL_SD_GetCardCSD	4	static
../Drivers/STM32H7xx_HAL_Driver/Src/stm32h7xx_hal_sd.c:469:19:HAL_SD_InitCard	96	static
../Drivers/STM32H7xx_HAL_Driver/Src/stm32h7xx_hal_sd.c:2311:19:HAL_SD_GetCardStatus	120	static
../Drivers/STM32H7xx_HAL_Driver/Src/stm32h7xx_hal_sd.c:2380:19:HAL_SD_GetCardInfo	20	static
../Drivers/STM32H7xx_HAL_Driver/Src/stm32h7xx_hal_sd.c:2405:19:HAL_SD_ConfigWideBusOperation	48	static
../Drivers/STM32H7xx_HAL_Driver/Src/stm32h7xx_hal_sd.c:2868:25:HAL_SD_GetCardState	8	static
../Drivers/STM32H7xx_HAL_Driver/Src/stm32h7xx_hal_sd.c:338:19:HAL_SD_Init	40	static
../Drivers/STM32H7xx_HAL_Driver/Src/stm32h7xx_hal_sd.c:2570:19:HAL_SD_ConfigSpeedBusOperation	16	static
../Drivers/STM32H7xx_HAL_Driver/Src/stm32h7xx_hal_sd.c:2891:19:HAL_SD_Abort	24	static
../Drivers/STM32H7xx_HAL_Driver/Src/stm32h7xx_hal_sd.c:2987:19:HAL_SD_Abort_IT	16	static
../Drivers/STM32H7xx_HAL_Driver/Src/stm32h7xx_hal_sd.c:4089:13:HAL_SDEx_Read_DMADoubleBuf0CpltCallback	0	static
../Drivers/STM32H7xx_HAL_Driver/Src/stm32h7xx_hal_sd.c:4104:13:HAL_SDEx_Read_DMADoubleBuf1CpltCallback	0	static
../Drivers/STM32H7xx_HAL_Driver/Src/stm32h7xx_hal_sd.c:4119:13:HAL_SDEx_Write_DMADoubleBuf0CpltCallback	0	static
../Drivers/STM32H7xx_HAL_Driver/Src/stm32h7xx_hal_sd.c:4134:13:HAL_SDEx_Write_DMADoubleBuf1CpltCallback	0	static
../Drivers/STM32H7xx_HAL_Driver/Src/stm32h7xx_hal_sd.c:1537:6:HAL_SD_IRQHandler	32	static
